<html>
<body>
<pre>
<h1>µVision Build Log</h1>
<h2>Tool Versions:</h2>
IDE-Version: ¦ÌVision V5.14.0.0
Copyright (C) 2015 ARM Ltd and ARM Germany GmbH. All rights reserved.
License Information: cc liu, Andol, LIC=JDAUH-WAYDE-LUL4M-XPI21-TG59V-VS711
 
Tool Versions:
Toolchain:       MDK-ARM Professional  Version: 5.14.0.0
Toolchain Path:  d:\Keil_v5\ARM\ARMCC\Bin
C Compiler:      Armcc.exe V5.05 update 1 (build 106)
Assembler:       Armasm.exe V5.05 update 1 (build 106)
Linker/Locator:  ArmLink.exe V5.05 update 1 (build 106)
Library Manager: ArmAr.exe V5.05 update 1 (build 106)
Hex Converter:   FromElf.exe V5.05 update 1 (build 106)
CPU DLL:         SARMCM3.DLL V5.14.0.0
Dialog DLL:      DCM.DLL V1.13.1.0
Target DLL:      UL2CM3.DLL V1.155.0.0
Dialog DLL:      TCM.DLL V1.14.4.0
 
<h2>Project:</h2>
G:\MCU_workPlace\STM32F407\series_port\Project\project.uvproj
Project File Date:  01/16/2018

<h2>Output:</h2>
Rebuild target 'STM32F407'
compiling main.c...
compiling decendEdgeCnt.c...
compiling myADC.c...
assembling startup_stm32f40_41xxx.s...
compiling stm32f4xx_gpio.c...
compiling stm32f4xx_rcc.c...
compiling misc.c...
compiling stm32f4xx_usart.c...
compiling stm32f4xx_assert.c...
compiling stm32f4xx_it.c...
compiling stm32f4xx_adc.c...
compiling system_stm32f4xx.c...
compiling delay.c...
compiling sys.c...
compiling usart.c...
linking...
Program Size: Code=3168 RO-data=560 RW-data=28 ZI-data=101228  
FromELF: creating hex file...
".\Obj\project.axf" - 0 Error(s), 0 Warning(s).
</pre>
</body>
</html>
